---
source: src/tests/routes/crates/versions/list.rs
expression: response.json()
---
{
  "errors": [
    {
      "detail": "invalid seek parameter"
    }
  ]
}
