---
source: src/tests/routes/versions/list.rs
assertion_line: 16
expression: json
---
versions: []

