---
source: src/tests/krate/publish/basics.rs
expression: app.emails_snapshot()
---

