---
source: src/tests/krate/publish/features.rs
expression: response.into_json()
---
{
  "errors": [
    {
      "detail": "\"~foo\" is an invalid feature name (feature names must contain only Unicode XID characters, `+`, `-`, or `.` (numbers, `+`, `-`, `_`, `.`, or most letters)"
    }
  ]
}
