---
source: src/tests/krate/publish/manifest.rs
expression: response.json()
---
{
  "errors": [
    {
      "detail": "failed to parse `Cargo.toml` manifest file\n\nmissing field `version`"
    }
  ]
}
