---
source: src/tests/krate/publish/dependencies.rs
expression: response.into_json()
---
{
  "errors": [
    {
      "detail": "\"ğŸ’©\" is an invalid dependency name (dependency names must start with a letter or underscore, contain only letters, numbers, hyphens, or underscores and have at most 64 characters)"
    }
  ]
}
