---
source: src/tests/team.rs
expression: app.emails_snapshot()
---

