---
source: src/tests/routes/crates/downloads.rs
expression: json
---
{
  "version_downloads": [
    {
      "date": "[date]",
      "downloads": 1,
      "version": 1
    }
  ]
}
