---
source: src/tests/routes/crates/list.rs
expression: response.json()
---
{
  "errors": [
    {
      "detail": "parameter category cannot contain a null byte"
    }
  ]
}
