---
source: src/worker/jobs/downloads/message.rs
expression: event
---
Message {
    records: [],
}
