---
source: src/openapi.rs
expression: response.json()
snapshot_kind: text
---
{
  "components": {},
  "info": {
    "contact": {
      "email": "help@crates.io",
      "name": "the crates.io team"
    },
    "description": "API documentation for the [crates.io](https://crates.io/) package registry",
    "license": {
      "name": ""
    },
    "termsOfService": "https://crates.io/policies",
    "title": "crates.io",
    "version": "0.0.0"
  },
  "openapi": "3.1.0",
  "paths": {
    "/api/v1/crates": {
      "get": {
        "description": "Called in a variety of scenarios in the front end, including:\n- Alphabetical listing of crates\n- List of crates under a specific owner\n- Listing a user's followed crates",
        "operationId": "crates_list",
        "responses": {
          "200": {
            "description": "Successful Response"
          }
        },
        "summary": "Returns a list of crates.",
        "tags": [
          "crates"
        ]
      }
    },
    "/api/v1/crates/new": {
      "get": {
        "description": "This endpoint works around a small limitation in `axum` and is delegating\nto the `GET /api/v1/crates/{name}` endpoint internally.",
        "operationId": "crates_show_new",
        "responses": {
          "200": {
            "description": "Successful Response"
          }
        },
        "summary": "Get crate metadata (for the `new` crate).",
        "tags": [
          "crates"
        ]
      },
      "put": {
        "description": "Used by `cargo publish` to publish a new crate or to publish a new version of an\nexisting crate.",
        "operationId": "publish",
        "responses": {
          "200": {
            "description": "Successful Response"
          }
        },
        "summary": "Publish a new crate/version.",
        "tags": [
          "publish"
        ]
      }
    },
    "/api/v1/crates/{name}": {
      "delete": {
        "description": "The crate is immediately deleted from the database, and with a small delay\nfrom the git and sparse index, and the crate file storage.\n\nThe crate can only be deleted by the owner of the crate, and only if the\ncrate has been published for less than 72 hours, or if the crate has a\nsingle owner, has been downloaded less than 100 times for each month it has\nbeen published, and is not depended upon by any other crate on crates.io.",
        "operationId": "delete_crate",
        "responses": {
          "200": {
            "description": "Successful Response"
          }
        },
        "summary": "Delete a crate.",
        "tags": [
          "crates"
        ]
      },
      "get": {
        "operationId": "get_crate",
        "responses": {
          "200": {
            "description": "Successful Response"
          }
        },
        "summary": "Get crate metadata.",
        "tags": [
          "crates"
        ]
      }
    },
    "/api/v1/crates/{name}/owners": {
      "delete": {
        "operationId": "delete_owners",
        "responses": {
          "200": {
            "description": "Successful Response"
          }
        },
        "summary": "Remove crate owners.",
        "tags": [
          "owners"
        ]
      },
      "get": {
        "operationId": "list_owners",
        "responses": {
          "200": {
            "description": "Successful Response"
          }
        },
        "summary": "List crate owners.",
        "tags": [
          "owners"
        ]
      },
      "put": {
        "operationId": "add_owners",
        "responses": {
          "200": {
            "description": "Successful Response"
          }
        },
        "summary": "Add crate owners.",
        "tags": [
          "owners"
        ]
      }
    },
    "/api/v1/crates/{name}/{version}/download": {
      "get": {
        "description": "This returns a URL to the location where the crate is stored.",
        "operationId": "download_version",
        "responses": {
          "200": {
            "description": "Successful Response"
          }
        },
        "summary": "Download a crate version.",
        "tags": [
          "versions"
        ]
      }
    },
    "/api/v1/crates/{name}/{version}/unyank": {
      "put": {
        "operationId": "unyank_version",
        "responses": {
          "200": {
            "description": "Successful Response"
          }
        },
        "summary": "Unyank a crate version.",
        "tags": [
          "versions"
        ]
      }
    },
    "/api/v1/crates/{name}/{version}/yank": {
      "delete": {
        "description": "This does not delete a crate version, it makes the crate\nversion accessible only to crates that already have a\n`Cargo.lock` containing this version.\n\nNotes:\n\nVersion deletion is not implemented to avoid breaking builds,\nand the goal of yanking a crate is to prevent crates\nbeginning to depend on the yanked crate version.",
        "operationId": "yank_version",
        "responses": {
          "200": {
            "description": "Successful Response"
          }
        },
        "summary": "Yank a crate version.",
        "tags": [
          "versions"
        ]
      }
    }
  },
  "servers": [
    {
      "url": "https://crates.io"
    },
    {
      "url": "https://staging.crates.io"
    }
  ]
}
